mame-go.bin binary size 0x1dbca0 bytes. Smallest app partition is 0x300000 bytes. 0x124360 bytes (38%) free.
CTL put done 1948832 bytes 11079 ms (usb 3479, sd 11021, wait 7254) crc e38176f7 (172 KB/s)
CTL launch mame-go cps1 /sd/roms/cps1/ffight.zip
[info] write_image: 'mame-go': written and verified
[info] rg_system_switch_app: Switching to app mame-go (cps1)
[warn] rg_system_restart: Restarting system!
[info] rg_audio_deinit: Audio terminated. sink='PDM'
[info] rg_storage_deinit: Storage unmounted.
[info] rg_input_deinit: Input terminated.
[info] rg_display_deinit: Display terminated.
ESP-ROM:esp32s3-20210327
Build:Mar 27 2021
rst:0xc (RTC_SW_CPU_RST),boot:0x2b (SPI_FAST_FLASH_BOOT)
Saved PC:0x40379769
SPIWP:0xee
mode:DIO, clock div:1
load:0x3fce2820,len:0x135c
load:0x403c8700,len:0x4
load:0x403c8704,len:0xe08
load:0x403cb700,len:0x30c0
entry 0x403c892c
I (26) boot: ESP-IDF v5.4 2nd stage bootloader
I (26) boot: compile time Sep 13 2026 16:41:14
I (26) boot: Multicore bootloader
I (27) boot: chip revision: v0.2
I (27) boot: efuse block revision: v1.4
I (27) qio_mode: Enabling default flash chip QIO
I (27) boot.esp32s3: Boot SPI Speed : 80MHz
I (27) boot.esp32s3: SPI Mode       : QIO
I (27) boot.esp32s3: SPI Flash Size : 16MB
I (28) boot: Enabling RNG early entropy source...
I (28) boot: Partition Table:
I (28) boot: ## Label            Usage          Type ST Offset   Length
I (29) boot:  0 nvs              WiFi data        01 02 00009000 00004000
I (29) boot:  1 otadata          OTA data         01 00 0000d000 00002000
I (29) boot:  2 phy_init         RF data          01 01 0000f000 00001000
I (30) boot:  3 launcher         OTA app          00 10 00010000 00120000
I (30) boot:  4 retro-core       OTA app          00 11 00130000 00130000
I (30) boot:  5 prboom-go        OTA app          00 12 00260000 000d0000
I (31) boot:  6 gwenesis         OTA app          00 13 00330000 00100000
I (31) boot:  7 retro-extra      OTA app          00 14 00430000 00140000
I (32) boot:  8 mame-go          OTA app          00 15 00570000 00200000
I (32) boot:  9 wolf3d-go        OTA app          00 16 00770000 000a0000
I (32) boot: 10 opentyrian-go    OTA app          00 17 00810000 000b0000
I (33) boot: 11 gbsp             OTA app          00 18 008c0000 000d0000
I (33) boot: 12 sdapp            OTA app          00 19 00990000 000a0000
I (34) boot: 13 fmsx             OTA app          00 1a 00a30000 000b0000
I (34) boot: 14 retro-home       OTA app          00 1b 00ae0000 00110000
I (34) boot: 15 mamerom          Unknown data     01 40 00bf0000 00400000
I (35) boot: End of partition table
I (35) esp_image: segment 0: paddr=00570020 vaddr=3c100020 size=b7688h (751240) map
I (147) esp_image: segment 1: paddr=006276b0 vaddr=3fc9a700 size=08968h ( 35176) load
I (153) esp_image: segment 2: paddr=00630020 vaddr=42000020 size=f8b44h (1018692) map
I (305) esp_image: segment 3: paddr=00728b6c vaddr=3fca3068 size=109e8h ( 68072) load
I (317) esp_image: segment 4: paddr=0073955c vaddr=40378000 size=126f0h ( 75504) load
I (332) esp_image: segment 5: paddr=0074bc54 vaddr=600fe100 size=0001ch (    28) load
I (344) boot: Loaded app from partition at offset 0x570000
I (344) boot: Disabling RNG early entropy source...
========================================================
mame-go unknown (Oct  7 2026 20:29:29)
built for: ESP32-EMU-TURBO. type: dev
========================================================
[info] rg_storage_init: Looking for SD Card using SDSPI...
[info] rg_storage_init: Storage mounted at /sd.
[info] rg_input_init: Initializing GPIO gamepad driver...
[info] rg_input_init: Console gamepad control enabled (stdin)
[info] rg_input_init: Input ready. state=00000000 00000000
[info] json_root: Config file loaded: '/sd/retro-go/config/global.json'
[info] json_root: Config file loaded: '/sd/retro-go/config/boot.json'
[info] rg_display_init: Initialization...
[info] json_root: Config file loaded: '/sd/retro-go/config/cps1.json'
[info] rg_alloc: SIZE=3840, CAPS=DMA|8BIT, PTR=0x3fcc65d4
[info] rg_alloc: SIZE=3840, CAPS=DMA|8BIT, PTR=0x3fcc74d8
[info] rg_alloc: SIZE=3840, CAPS=DMA|8BIT, PTR=0x3fcc83dc
[info] rg_display_init: Display ready.
[info] rg_alloc: SIZE=17280, CAPS=SPIRAM|8BIT, PTR=0x3c300174
[info] rg_gui_set_language_id: Language set to: English (0)
[info] rg_gui_set_font: Font set to: VeraBold 11 (height=13, scaling=1.00)
[info] rg_gui_set_theme: Using built-in theme!
[info] rg_audio_init: Audio ready. sink='PDM', samplerate=32000, volume=0
[info] rg_system_load_time: Time loaded from storage
[info] rg_system_load_time: Time is now: Tue Sep 29 03:39:20 2026
[info] rg_system_init: Available memory: 173/260 + 6894/6953
[info] rg_system_init: Retro-Go ready.
[warn] app_main: bench build: the game plays a script, not the gamepad (Options > Bench input: Off gives it back)
CONTENT_DIRECTORY: /sd/roms/cps1/
SYSTEM_DIRECTORY: /sd/retro-go/mame
SAVE_DIRECTORY: /sd/retro-go/saves/arcade
MAME2000_SYS_DIRECTORY: /sd/retro-go/mame/mame2000
MAME2000_SAVE_DIRECTORY: /sd/retro-go/saves/arcade/mame2000
loading ff30-36.bin
loading ff35-42.bin
loading ff31-37.bin
loading ff36-43.bin
loading ff32-32m.bin
loading ff09-09.bin
loading ff18-18.bin
loading ff19-19.bin

mamego: CPS1 program region 2048 -> 1024 KB
mem after regions to flash: internal 60 KB (largest 31), PSRAM 5166 KB (largest 4096)
width 384, height 224
cps1: PSRAM 4385 KB free (largest 4096) for 2048 KB of tiles: PSRAM
cps1: 2048 KB of tiles in PSRAM
cps1: tiles took 1619 ms to read, 255 to decode, 66 to store
[info] mame_task: mame-go: 384x224 @ 60.00 fps, audio 16000 Hz
mamego: 384x224 8-bit frames converted by the host (second core)
[info] update_viewport_scaling: 384x224@1.714 => 480x280@1.714 left:0 top:20 step_x:0.80 step_y:0.80
cps1: sound board (Z80 + YM2151 + OKI) on the second core
NEOPROF ms/frame: other 1.18 68000 15.14 z80 0.20 ym2610 0.00 video 12.36 mixer 0.25 blit 0.46 out 0.00
NEOPROF video ms/frame: palette 0.00 clear 0.00 sprites 0.00 fix 0.00 rest 12.36 copy 0.00 | KB/frame: clear w 0.0 sprites r 0.0 w<=0.0 strips 0 fix r 0.0 w<=0.0 tiles 0 copy w 0.0
NEOPROF core1 ms/frame: sprites 0.00 convert+display 0.00 ym2610 0.00 display 2.56 dmawait 0.49 sends 4 | sprites deferred 0 on core1 0 fallback 0
NEOPROF core0 waits ms/frame: ym2610 0.00 present 0.00
NEOPROF card reads/frame: sprites 0.00 (0.00 ms) samples 0.00 (0.00 ms) | ms per read: sprites 0.0 (seek 0.0) samples 0.0 (seek 0.0)
NEOPROF ms/frame: other 1.34 68000 13.83 z80 0.00 ym2610 0.00 video 12.95 mixer 0.25 blit 0.15 out 0.00
NEOPROF video ms/frame: palette 0.00 clear 0.00 sprites 0.00 fix 0.00 rest 12.95 copy 0.00 | KB/frame: clear w 0.0 sprites r 0.0 w<=0.0 strips 0 fix r 0.0 w<=0.0 tiles 0 copy w 0.0
NEOPROF core1 ms/frame: sprites 0.00 convert+display 0.00 ym2610 0.00 display 2.67 dmawait 0.47 sends 4 | busy core0 99% (without blit/wait) core1 32% (idle-measured) | sprites deferred 0 on core1 0 fallback 0
NEOPROF core0 waits ms/frame: ym2610 0.00 present 0.00
NEOPROF card reads/frame: sprites 0.00 (0.00 ms) samples 0.00 (0.00 ms) | ms per read: sprites 0.0 (seek 0.0) samples 0.0 (seek 0.0)
[info] system_monitor_task: Raised frameskip to 2
NEOPROF ms/frame: other 1.32 68000 2.40 z80 0.00 ym2610 0.00 video 13.34 mixer 0.27 blit 0.17 out 0.00
NEOPROF video ms/frame: palette 0.00 clear 0.00 sprites 0.00 fix 0.00 rest 13.34 copy 0.00 | KB/frame: clear w 0.0 sprites r 0.0 w<=0.0 strips 0 fix r 0.0 w<=0.0 tiles 0 copy w 0.0
NEOPROF core1 ms/frame: sprites 0.00 convert+display 0.00 ym2610 0.00 display 2.60 dmawait 0.19 sends 0 | busy core0 99% (without blit/wait) core1 53% (idle-measured) | sprites deferred 0 on core1 0 fallback 0
NEOPROF core0 waits ms/frame: ym2610 0.00 present 0.00
NEOPROF card reads/frame: sprites 0.00 (0.00 ms) samples 0.00 (0.00 ms) | ms per read: sprites 0.0 (seek 0.0) samples 0.0 (seek 0.0)
[info] system_monitor_task: Raised frameskip to 3
NEOPROF ms/frame: other 1.32 68000 2.40 z80 0.00 ym2610 0.00 video 13.34 mixer 0.27 blit 0.17 out 0.00
NEOPROF video ms/frame: palette 0.00 clear 0.00 sprites 0.00 fix 0.00 rest 13.34 copy 0.00 | KB/frame: clear w 0.0 sprites r 0.0 w<=0.0 strips 0 fix r 0.0 w<=0.0 tiles 0 copy w 0.0
NEOPROF core1 ms/frame: sprites 0.00 convert+display 0.00 ym2610 0.00 display 2.60 dmawait 0.19 sends 0 | busy core0 99% (without blit/wait) core1 53% (idle-measured) | sprites deferred 0 on core1 0 fallback 0
NEOPROF core0 waits ms/frame: ym2610 0.00 present 0.00
NEOPROF card reads/frame: sprites 0.00 (0.00 ms) samples 0.00 (0.00 ms) | ms per read: sprites 0.0 (seek 0.0) samples 0.0 (seek 0.0)
[info] system_monitor_task: Raised frameskip to 4
NEOPROF ms/frame: other 1.32 68000 2.40 z80 0.00 ym2610 0.00 video 13.35 mixer 0.27 blit 0.17 out 0.00
NEOPROF video ms/frame: palette 0.00 clear 0.00 sprites 0.00 fix 0.00 rest 13.35 copy 0.00 | KB/frame: clear w 0.0 sprites r 0.0 w<=0.0 strips 0 fix r 0.0 w<=0.0 tiles 0 copy w 0.0
NEOPROF core1 ms/frame: sprites 0.00 convert+display 0.00 ym2610 0.00 display 2.60 dmawait 0.19 sends 0 | busy core0 99% (without blit/wait) core1 53% (idle-measured) | sprites deferred 0 on core1 0 fallback 0
NEOPROF core0 waits ms/frame: ym2610 0.00 present 0.00
NEOPROF card reads/frame: sprites 0.00 (0.00 ms) samples 0.00 (0.00 ms) | ms per read: sprites 0.0 (seek 0.0) samples 0.0 (seek 0.0)
MAMEBENCH frames 300 hash 1a094d2e
[info] system_monitor_task: Raised frameskip to 5
NEOPROF ms/frame: other 1.33 68000 2.38 z80 0.00 ym2610 0.00 video 13.34 mixer 0.27 blit 0.20 out 0.00
NEOPROF video ms/frame: palette 0.00 clear 0.00 sprites 0.00 fix 0.00 rest 13.34 copy 0.00 | KB/frame: clear w 0.0 sprites r 0.0 w<=0.0 strips 0 fix r 0.0 w<=0.0 tiles 0 copy w 0.0
NEOPROF core1 ms/frame: sprites 0.00 convert+display 0.00 ym2610 0.00 display 2.59 dmawait 0.19 sends 0 | busy core0 98% (without blit/wait) core1 52% (idle-measured) | sprites deferred 0 on core1 0 fallback 0
NEOPROF core0 waits ms/frame: ym2610 0.00 present 0.00
NEOPROF card reads/frame: sprites 0.00 (0.00 ms) samples 0.00 (0.00 ms) | ms per read: sprites 0.0 (seek 0.0) samples 0.0 (seek 0.0)
NEOPROF ms/frame: other 1.32 68000 2.39 z80 0.00 ym2610 0.00 video 13.35 mixer 0.28 blit 0.17 out 0.00
NEOPROF video ms/frame: palette 0.00 clear 0.00 sprites 0.00 fix 0.00 rest 13.35 copy 0.00 | KB/frame: clear w 0.0 sprites r 0.0 w<=0.0 strips 0 fix r 0.0 w<=0.0 tiles 0 copy w 0.0
NEOPROF core1 ms/frame: sprites 0.00 convert+display 0.00 ym2610 0.00 display 2.60 dmawait 0.19 sends 0 | busy core0 99% (without blit/wait) core1 53% (idle-measured) | sprites deferred 0 on core1 0 fallback 0
NEOPROF core0 waits ms/frame: ym2610 0.00 present 0.00
NEOPROF card reads/frame: sprites 0.00 (0.00 ms) samples 0.00 (0.00 ms) | ms per read: sprites 0.0 (seek 0.0) samples 0.0 (seek 0.0)
NEOPROF ms/frame: other 1.33 68000 2.40 z80 0.00 ym2610 0.00 video 13.32 mixer 0.27 blit 0.17 out 0.00
NEOPROF video ms/frame: palette 0.00 clear 0.00 sprites 0.00 fix 0.00 rest 13.32 copy 0.00 | KB/frame: clear w 0.0 sprites r 0.0 w<=0.0 strips 0 fix r 0.0 w<=0.0 tiles 0 copy w 0.0
NEOPROF core1 ms/frame: sprites 0.00 convert+display 0.00 ym2610 0.00 display 2.60 dmawait 0.19 sends 0 | busy core0 99% (without blit/wait) core1 53% (idle-measured) | sprites deferred 0 on core1 0 fallback 0
NEOPROF core0 waits ms/frame: ym2610 0.00 present 0.00
NEOPROF card reads/frame: sprites 0.00 (0.00 ms) samples 0.00 (0.00 ms) | ms per read: sprites 0.0 (seek 0.0) samples 0.0 (seek 0.0)
NEOPROF ms/frame: other 1.32 68000 2.42 z80 0.00 ym2610 0.00 video 13.34 mixer 0.28 blit 0.17 out 0.00
NEOPROF video ms/frame: palette 0.00 clear 0.00 sprites 0.00 fix 0.00 rest 13.34 copy 0.00 | KB/frame: clear w 0.0 sprites r 0.0 w<=0.0 strips 0 fix r 0.0 w<=0.0 tiles 0 copy w 0.0
NEOPROF core1 ms/frame: sprites 0.00 convert+display 0.00 ym2610 0.00 display 2.60 dmawait 0.20 sends 0 | busy core0 99% (without blit/wait) core1 53% (idle-measured) | sprites deferred 0 on core1 0 fallback 0
NEOPROF core0 waits ms/frame: ym2610 0.00 present 0.00
NEOPROF card reads/frame: sprites 0.00 (0.00 ms) samples 0.00 (0.00 ms) | ms per read: sprites 0.0 (seek 0.0) samples 0.0 (seek 0.0)
NEOPROF ms/frame: other 1.32 68000 2.40 z80 0.00 ym2610 0.00 video 13.34 mixer 0.27 blit 0.17 out 0.00
NEOPROF video ms/frame: palette 0.00 clear 0.00 sprites 0.00 fix 0.00 rest 13.34 copy 0.00 | KB/frame: clear w 0.0 sprites r 0.0 w<=0.0 strips 0 fix r 0.0 w<=0.0 tiles 0 copy w 0.0
NEOPROF core1 ms/frame: sprites 0.00 convert+display 0.00 ym2610 0.00 display 2.60 dmawait 0.20 sends 0 | busy core0 99% (without blit/wait) core1 53% (idle-measured) | sprites deferred 0 on core1 0 fallback 0
NEOPROF core0 waits ms/frame: ym2610 0.00 present 0.00
NEOPROF card reads/frame: sprites 0.00 (0.00 ms) samples 0.00 (0.00 ms) | ms per read: sprites 0.0 (seek 0.0) samples 0.0 (seek 0.0)
MAMEBENCH frames 600 hash 1a094d2e
NEOPROF ms/frame: other 1.33 68000 2.40 z80 0.00 ym2610 0.00 video 13.34 mixer 0.27 blit 0.20 out 0.00
NEOPROF video ms/frame: palette 0.00 clear 0.00 sprites 0.00 fix 0.00 rest 13.34 copy 0.00 | KB/frame: clear w 0.0 sprites r 0.0 w<=0.0 strips 0 fix r 0.0 w<=0.0 tiles 0 copy w 0.0
NEOPROF core1 ms/frame: sprites 0.00 convert+display 0.00 ym2610 0.00 display 2.60 dmawait 0.19 sends 0 | busy core0 98% (without blit/wait) core1 52% (idle-measured) | sprites deferred 0 on core1 0 fallback 0
NEOPROF core0 waits ms/frame: ym2610 0.00 present 0.00
NEOPROF card reads/frame: sprites 0.00 (0.00 ms) samples 0.00 (0.00 ms) | ms per read: sprites 0.0 (seek 0.0) samples 0.0 (seek 0.0)
NEOPROF ms/frame: other 1.33 68000 2.56 z80 0.00 ym2610 0.00 video 13.47 mixer 0.28 blit 0.17 out 0.00
NEOPROF video ms/frame: palette 0.00 clear 0.00 sprites 0.00 fix 0.00 rest 13.47 copy 0.00 | KB/frame: clear w 0.0 sprites r 0.0 w<=0.0 strips 0 fix r 0.0 w<=0.0 tiles 0 copy w 0.0
NEOPROF core1 ms/frame: sprites 0.00 convert+display 0.00 ym2610 0.00 display 2.98 dmawait 0.40 sends 3 | busy core0 99% (without blit/wait) core1 54% (idle-measured) | sprites deferred 0 on core1 0 fallback 0
NEOPROF core0 waits ms/frame: ym2610 0.00 present 0.00
NEOPROF card reads/frame: sprites 0.00 (0.00 ms) samples 0.00 (0.00 ms) | ms per read: sprites 0.0 (seek 0.0) samples 0.0 (seek 0.0)
NEOPROF ms/frame: other 1.43 68000 4.51 z80 0.00 ym2610 0.00 video 16.42 mixer 0.31 blit 0.19 out 0.00
NEOPROF video ms/frame: palette 0.00 clear 0.00 sprites 0.00 fix 0.00 rest 16.42 copy 0.00 | KB/frame: clear w 0.0 sprites r 0.0 w<=0.0 strips 0 fix r 0.0 w<=0.0 tiles 0 copy w 0.0
NEOPROF core1 ms/frame: sprites 0.00 convert+display 0.00 ym2610 0.00 display 9.34 dmawait 2.66 sends 44 | busy core0 99% (without blit/wait) core1 61% (idle-measured) | sprites deferred 0 on core1 0 fallback 0
NEOPROF core0 waits ms/frame: ym2610 0.00 present 0.00
NEOPROF card reads/frame: sprites 0.00 (0.00 ms) samples 0.00 (0.00 ms) | ms per read: sprites 0.0 (seek 0.0) samples 0.0 (seek 0.0)
NEOPROF ms/frame: other 1.44 68000 2.86 z80 0.00 ym2610 0.00 video 17.63 mixer 0.29 blit 0.17 out 0.00
NEOPROF video ms/frame: palette 0.00 clear 0.00 sprites 0.00 fix 0.00 rest 17.63 copy 0.00 | KB/frame: clear w 0.0 sprites r 0.0 w<=0.0 strips 0 fix r 0.0 w<=0.0 tiles 0 copy w 0.0
NEOPROF core1 ms/frame: sprites 0.00 convert+display 0.00 ym2610 0.00 display 5.24 dmawait 1.05 sends 17 | busy core0 99% (without blit/wait) core1 51% (idle-measured) | sprites deferred 0 on core1 0 fallback 0
NEOPROF core0 waits ms/frame: ym2610 0.00 present 0.00
NEOPROF card reads/frame: sprites 0.00 (0.00 ms) samples 0.00 (0.00 ms) | ms per read: sprites 0.0 (seek 0.0) samples 0.0 (seek 0.0)
NEOPROF ms/frame: other 1.43 68000 2.85 z80 0.00 ym2610 0.00 video 17.82 mixer 0.29 blit 0.18 out 0.00
NEOPROF video ms/frame: palette 0.00 clear 0.00 sprites 0.00 fix 0.00 rest 17.82 copy 0.00 | KB/frame: clear w 0.0 sprites r 0.0 w<=0.0 strips 0 fix r 0.0 w<=0.0 tiles 0 copy w 0.0
NEOPROF core1 ms/frame: sprites 0.00 convert+display 0.00 ym2610 0.00 display 5.23 dmawait 1.04 sends 17 | busy core0 99% (without blit/wait) core1 50% (idle-measured) | sprites deferred 0 on core1 0 fallback 0
NEOPROF core0 waits ms/frame: ym2610 0.00 present 0.00
NEOPROF card reads/frame: sprites 0.00 (0.00 ms) samples 0.00 (0.00 ms) | ms per read: sprites 0.0 (seek 0.0) samples 0.0 (seek 0.0)
MAMEBENCH frames 900 hash 66296bc5
NEOPROF ms/frame: other 1.39 68000 2.86 z80 0.00 ym2610 0.00 video 17.90 mixer 0.29 blit 0.21 out 0.00
NEOPROF video ms/frame: palette 0.00 clear 0.00 sprites 0.00 fix 0.00 rest 17.90 copy 0.00 | KB/frame: clear w 0.0 sprites r 0.0 w<=0.0 strips 0 fix r 0.0 w<=0.0 tiles 0 copy w 0.0
NEOPROF core1 ms/frame: sprites 0.00 convert+display 0.00 ym2610 0.00 display 5.07 dmawait 1.02 sends 16 | busy core0 99% (without blit/wait) core1 49% (idle-measured) | sprites deferred 0 on core1 0 fallback 0
NEOPROF core0 waits ms/frame: ym2610 0.00 present 0.00
NEOPROF card reads/frame: sprites 0.00 (0.00 ms) samples 0.00 (0.00 ms) | ms per read: sprites 0.0 (seek 0.0) samples 0.0 (seek 0.0)
NEOPROF ms/frame: other 1.39 68000 2.82 z80 0.00 ym2610 0.00 video 17.84 mixer 0.29 blit 0.18 out 0.00
NEOPROF video ms/frame: palette 0.00 clear 0.00 sprites 0.00 fix 0.00 rest 17.84 copy 0.00 | KB/frame: clear w 0.0 sprites r 0.0 w<=0.0 strips 0 fix r 0.0 w<=0.0 tiles 0 copy w 0.0
NEOPROF core1 ms/frame: sprites 0.00 convert+display 0.00 ym2610 0.00 display 5.32 dmawait 1.12 sends 17 | busy core0 99% (without blit/wait) core1 50% (idle-measured) | sprites deferred 0 on core1 0 fallback 0
NEOPROF core0 waits ms/frame: ym2610 0.00 present 0.00
NEOPROF card reads/frame: sprites 0.00 (0.00 ms) samples 0.00 (0.00 ms) | ms per read: sprites 0.0 (seek 0.0) samples 0.0 (seek 0.0)
NEOPROF ms/frame: other 1.43 68000 2.84 z80 0.00 ym2610 0.00 video 17.60 mixer 0.29 blit 0.18 out 0.00
NEOPROF video ms/frame: palette 0.00 clear 0.00 sprites 0.00 fix 0.00 rest 17.60 copy 0.00 | KB/frame: clear w 0.0 sprites r 0.0 w<=0.0 strips 0 fix r 0.0 w<=0.0 tiles 0 copy w 0.0
NEOPROF core1 ms/frame: sprites 0.00 convert+display 0.00 ym2610 0.00 display 5.20 dmawait 1.05 sends 17 | busy core0 99% (without blit/wait) core1 50% (idle-measured) | sprites deferred 0 on core1 0 fallback 0
NEOPROF core0 waits ms/frame: ym2610 0.00 present 0.00
NEOPROF card reads/frame: sprites 0.00 (0.00 ms) samples 0.00 (0.00 ms) | ms per read: sprites 0.0 (seek 0.0) samples 0.0 (seek 0.0)
NEOPROF ms/frame: other 1.44 68000 2.85 z80 0.00 ym2610 0.00 video 17.75 mixer 0.29 blit 0.18 out 0.00
NEOPROF video ms/frame: palette 0.00 clear 0.00 sprites 0.00 fix 0.00 rest 17.75 copy 0.00 | KB/frame: clear w 0.0 sprites r 0.0 w<=0.0 strips 0 fix r 0.0 w<=0.0 tiles 0 copy w 0.0
NEOPROF core1 ms/frame: sprites 0.00 convert+display 0.00 ym2610 0.00 display 5.25 dmawait 1.05 sends 17 | busy core0 99% (without blit/wait) core1 50% (idle-measured) | sprites deferred 0 on core1 0 fallback 0
NEOPROF core0 waits ms/frame: ym2610 0.00 present 0.00
NEOPROF card reads/frame: sprites 0.00 (0.00 ms) samples 0.00 (0.00 ms) | ms per read: sprites 0.0 (seek 0.0) samples 0.0 (seek 0.0)
NEOPROF ms/frame: other 1.42 68000 2.85 z80 0.00 ym2610 0.00 video 17.93 mixer 0.29 blit 0.18 out 0.00
NEOPROF video ms/frame: palette 0.00 clear 0.00 sprites 0.00 fix 0.00 rest 17.93 copy 0.00 | KB/frame: clear w 0.0 sprites r 0.0 w<=0.0 strips 0 fix r 0.0 w<=0.0 tiles 0 copy w 0.0
NEOPROF core1 ms/frame: sprites 0.00 convert+display 0.00 ym2610 0.00 display 5.18 dmawait 1.03 sends 17 | busy core0 99% (without blit/wait) core1 50% (idle-measured) | sprites deferred 0 on core1 0 fallback 0
NEOPROF core0 waits ms/frame: ym2610 0.00 present 0.00
NEOPROF card reads/frame: sprites 0.00 (0.00 ms) samples 0.00 (0.00 ms) | ms per read: sprites 0.0 (seek 0.0) samples 0.0 (seek 0.0)
MAMEBENCH frames 1200 hash 083909f7
NEOPROF ms/frame: other 1.38 68000 2.79 z80 0.00 ym2610 0.00 video 17.96 mixer 0.29 blit 0.21 out 0.00
NEOPROF video ms/frame: palette 0.00 clear 0.00 sprites 0.00 fix 0.00 rest 17.96 copy 0.00 | KB/frame: clear w 0.0 sprites r 0.0 w<=0.0 strips 0 fix r 0.0 w<=0.0 tiles 0 copy w 0.0
NEOPROF core1 ms/frame: sprites 0.00 convert+display 0.00 ym2610 0.00 display 5.01 dmawait 1.02 sends 15 | busy core0 99% (without blit/wait) core1 49% (idle-measured) | sprites deferred 0 on core1 0 fallback 0
NEOPROF core0 waits ms/frame: ym2610 0.00 present 0.00
NEOPROF card reads/frame: sprites 0.00 (0.00 ms) samples 0.00 (0.00 ms) | ms per read: sprites 0.0 (seek 0.0) samples 0.0 (seek 0.0)
NEOPROF ms/frame: other 1.43 68000 2.85 z80 0.00 ym2610 0.00 video 17.56 mixer 0.29 blit 0.18 out 0.00
NEOPROF video ms/frame: palette 0.00 clear 0.00 sprites 0.00 fix 0.00 rest 17.56 copy 0.00 | KB/frame: clear w 0.0 sprites r 0.0 w<=0.0 strips 0 fix r 0.0 w<=0.0 tiles 0 copy w 0.0
NEOPROF core1 ms/frame: sprites 0.00 convert+display 0.00 ym2610 0.00 display 5.23 dmawait 1.08 sends 17 | busy core0 99% (without blit/wait) core1 51% (idle-measured) | sprites deferred 0 on core1 0 fallback 0
NEOPROF core0 waits ms/frame: ym2610 0.00 present 0.00
NEOPROF card reads/frame: sprites 0.00 (0.00 ms) samples 0.00 (0.00 ms) | ms per read: sprites 0.0 (seek 0.0) samples 0.0 (seek 0.0)
NEOPROF ms/frame: other 1.44 68000 2.84 z80 0.00 ym2610 0.00 video 17.68 mixer 0.29 blit 0.18 out 0.00
NEOPROF video ms/frame: palette 0.00 clear 0.00 sprites 0.00 fix 0.00 rest 17.68 copy 0.00 | KB/frame: clear w 0.0 sprites r 0.0 w<=0.0 strips 0 fix r 0.0 w<=0.0 tiles 0 copy w 0.0
NEOPROF core1 ms/frame: sprites 0.00 convert+display 0.00 ym2610 0.00 display 5.21 dmawait 1.05 sends 17 | busy core0 99% (without blit/wait) core1 50% (idle-measured) | sprites deferred 0 on core1 0 fallback 0
NEOPROF core0 waits ms/frame: ym2610 0.00 present 0.00
NEOPROF card reads/frame: sprites 0.00 (0.00 ms) samples 0.00 (0.00 ms) | ms per read: sprites 0.0 (seek 0.0) samples 0.0 (seek 0.0)
NEOPROF ms/frame: other 1.43 68000 2.85 z80 0.00 ym2610 0.00 video 17.84 mixer 0.29 blit 0.18 out 0.00
NEOPROF video ms/frame: palette 0.00 clear 0.00 sprites 0.00 fix 0.00 rest 17.84 copy 0.00 | KB/frame: clear w 0.0 sprites r 0.0 w<=0.0 strips 0 fix r 0.0 w<=0.0 tiles 0 copy w 0.0
NEOPROF core1 ms/frame: sprites 0.00 convert+display 0.00 ym2610 0.00 display 5.24 dmawait 1.03 sends 17 | busy core0 99% (without blit/wait) core1 50% (idle-measured) | sprites deferred 0 on core1 0 fallback 0
NEOPROF core0 waits ms/frame: ym2610 0.00 present 0.00
NEOPROF card reads/frame: sprites 0.00 (0.00 ms) samples 0.00 (0.00 ms) | ms per read: sprites 0.0 (seek 0.0) samples 0.0 (seek 0.0)
NEOPROF ms/frame: other 1.43 68000 2.86 z80 0.00 ym2610 0.00 video 17.99 mixer 0.29 blit 0.18 out 0.00
NEOPROF video ms/frame: palette 0.00 clear 0.00 sprites 0.00 fix 0.00 rest 17.99 copy 0.00 | KB/frame: clear w 0.0 sprites r 0.0 w<=0.0 strips 0 fix r 0.0 w<=0.0 tiles 0 copy w 0.0
NEOPROF core1 ms/frame: sprites 0.00 convert+display 0.00 ym2610 0.00 display 5.24 dmawait 1.03 sends 17 | busy core0 99% (without blit/wait) core1 50% (idle-measured) | sprites deferred 0 on core1 0 fallback 0
NEOPROF core0 waits ms/frame: ym2610 0.00 present 0.00
NEOPROF card reads/frame: sprites 0.00 (0.00 ms) samples 0.00 (0.00 ms) | ms per read: sprites 0.0 (seek 0.0) samples 0.0 (seek 0.0)
MAMEBENCH frames 1500 hash 0c937e21
NEOPROF ms/frame: other 1.45 68000 4.02 z80 0.00 ym2610 0.00 video 18.72 mixer 0.32 blit 0.22 out 0.00
NEOPROF video ms/frame: palette 0.00 clear 0.00 sprites 0.00 fix 0.00 rest 18.72 copy 0.00 | KB/frame: clear w 0.0 sprites r 0.0 w<=0.0 strips 0 fix r 0.0 w<=0.0 tiles 0 copy w 0.0
NEOPROF core1 ms/frame: sprites 0.00 convert+display 0.00 ym2610 0.00 display 7.78 dmawait 2.06 sends 34 | busy core0 99% (without blit/wait) core1 59% (idle-measured) | sprites deferred 0 on core1 0 fallback 0
NEOPROF core0 waits ms/frame: ym2610 0.00 present 0.00
NEOPROF card reads/frame: sprites 0.00 (0.00 ms) samples 0.00 (0.00 ms) | ms per read: sprites 0.0 (seek 0.0) samples 0.0 (seek 0.0)
NEOPROF ms/frame: other 1.39 68000 2.67 z80 0.00 ym2610 0.00 video 17.61 mixer 0.28 blit 0.17 out 0.00
NEOPROF video ms/frame: palette 0.00 clear 0.00 sprites 0.00 fix 0.00 rest 17.61 copy 0.00 | KB/frame: clear w 0.0 sprites r 0.0 w<=0.0 strips 0 fix r 0.0 w<=0.0 tiles 0 copy w 0.0
NEOPROF core1 ms/frame: sprites 0.00 convert+display 0.00 ym2610 0.00 display 2.66 dmawait 0.19 sends 0 | busy core0 99% (without blit/wait) core1 51% (idle-measured) | sprites deferred 0 on core1 0 fallback 0
NEOPROF core0 waits ms/frame: ym2610 0.00 present 0.00
NEOPROF card reads/frame: sprites 0.00 (0.00 ms) samples 0.00 (0.00 ms) | ms per read: sprites 0.0 (seek 0.0) samples 0.0 (seek 0.0)
NEOPROF ms/frame: other 1.40 68000 2.65 z80 0.00 ym2610 0.00 video 16.80 mixer 0.28 blit 0.17 out 0.00
NEOPROF video ms/frame: palette 0.00 clear 0.00 sprites 0.00 fix 0.00 rest 16.80 copy 0.00 | KB/frame: clear w 0.0 sprites r 0.0 w<=0.0 strips 0 fix r 0.0 w<=0.0 tiles 0 copy w 0.0
NEOPROF core1 ms/frame: sprites 0.00 convert+display 0.00 ym2610 0.00 display 2.67 dmawait 0.20 sends 0 | busy core0 99% (without blit/wait) core1 44% (idle-measured) | sprites deferred 0 on core1 0 fallback 0
NEOPROF core0 waits ms/frame: ym2610 0.00 present 0.00
NEOPROF card reads/frame: sprites 0.00 (0.00 ms) samples 0.00 (0.00 ms) | ms per read: sprites 0.0 (seek 0.0) samples 0.0 (seek 0.0)
NEOPROF ms/frame: other 1.40 68000 2.67 z80 0.00 ym2610 0.00 video 16.82 mixer 0.28 blit 0.17 out 0.00
NEOPROF video ms/frame: palette 0.00 clear 0.00 sprites 0.00 fix 0.00 rest 16.82 copy 0.00 | KB/frame: clear w 0.0 sprites r 0.0 w<=0.0 strips 0 fix r 0.0 w<=0.0 tiles 0 copy w 0.0
NEOPROF core1 ms/frame: sprites 0.00 convert+display 0.00 ym2610 0.00 display 2.68 dmawait 0.20 sends 0 | busy core0 99% (without blit/wait) core1 44% (idle-measured) | sprites deferred 0 on core1 0 fallback 0
NEOPROF core0 waits ms/frame: ym2610 0.00 present 0.00
NEOPROF card reads/frame: sprites 0.00 (0.00 ms) samples 0.00 (0.00 ms) | ms per read: sprites 0.0 (seek 0.0) samples 0.0 (seek 0.0)
NEOPROF ms/frame: other 1.39 68000 2.66 z80 0.00 ym2610 0.00 video 16.81 mixer 0.28 blit 0.17 out 0.00
NEOPROF video ms/frame: palette 0.00 clear 0.00 sprites 0.00 fix 0.00 rest 16.81 copy 0.00 | KB/frame: clear w 0.0 sprites r 0.0 w<=0.0 strips 0 fix r 0.0 w<=0.0 tiles 0 copy w 0.0
NEOPROF core1 ms/frame: sprites 0.00 convert+display 0.00 ym2610 0.00 display 2.66 dmawait 0.20 sends 0 | busy core0 99% (without blit/wait) core1 44% (idle-measured) | sprites deferred 0 on core1 0 fallback 0
NEOPROF core0 waits ms/frame: ym2610 0.00 present 0.00
NEOPROF card reads/frame: sprites 0.00 (0.00 ms) samples 0.00 (0.00 ms) | ms per read: sprites 0.0 (seek 0.0) samples 0.0 (seek 0.0)
MAMEBENCH frames 1800 hash 96265858
NEOPROF ms/frame: other 3.86 68000 4.06 z80 0.00 ym2610 0.00 video 11.44 mixer 0.28 blit 0.22 out 0.00
NEOPROF video ms/frame: palette 0.00 clear 0.00 sprites 0.00 fix 0.00 rest 11.44 copy 0.00 | KB/frame: clear w 0.0 sprites r 0.0 w<=0.0 strips 0 fix r 0.0 w<=0.0 tiles 0 copy w 0.0
NEOPROF core1 ms/frame: sprites 0.00 convert+display 0.00 ym2610 0.00 display 6.41 dmawait 1.56 sends 24 | busy core0 98% (without blit/wait) core1 61% (idle-measured) | sprites deferred 0 on core1 0 fallback 0
NEOPROF core0 waits ms/frame: ym2610 0.00 present 0.00
NEOPROF card reads/frame: sprites 0.00 (0.00 ms) samples 0.00 (0.00 ms) | ms per read: sprites 0.0 (seek 0.0) samples 0.0 (seek 0.0)
NEOPROF ms/frame: other 1.38 68000 3.44 z80 0.00 ym2610 0.00 video 15.54 mixer 0.29 blit 0.19 out 0.00
NEOPROF video ms/frame: palette 0.00 clear 0.00 sprites 0.00 fix 0.00 rest 15.54 copy 0.00 | KB/frame: clear w 0.0 sprites r 0.0 w<=0.0 strips 0 fix r 0.0 w<=0.0 tiles 0 copy w 0.0
NEOPROF core1 ms/frame: sprites 0.00 convert+display 0.00 ym2610 0.00 display 5.56 dmawait 1.24 sends 20 | busy core0 99% (without blit/wait) core1 57% (idle-measured) | sprites deferred 0 on core1 0 fallback 0
NEOPROF core0 waits ms/frame: ym2610 0.00 present 0.00
NEOPROF card reads/frame: sprites 0.00 (0.00 ms) samples 0.00 (0.00 ms) | ms per read: sprites 0.0 (seek 0.0) samples 0.0 (seek 0.0)
NEOPROF ms/frame: other 1.55 68000 6.68 z80 0.00 ym2610 0.00 video 18.27 mixer 0.45 blit 0.19 out 0.00
NEOPROF video ms/frame: palette 0.00 clear 0.00 sprites 0.00 fix 0.00 rest 18.27 copy 0.00 | KB/frame: clear w 0.0 sprites r 0.0 w<=0.0 strips 0 fix r 0.0 w<=0.0 tiles 0 copy w 0.0
NEOPROF core1 ms/frame: sprites 0.00 convert+display 0.00 ym2610 0.00 display 6.02 dmawait 1.20 sends 21 | busy core0 99% (without blit/wait) core1 55% (idle-measured) | sprites deferred 0 on core1 0 fallback 0
NEOPROF core0 waits ms/frame: ym2610 0.00 present 0.00
NEOPROF card reads/frame: sprites 0.00 (0.00 ms) samples 0.00 (0.00 ms) | ms per read: sprites 0.0 (seek 0.0) samples 0.0 (seek 0.0)
NEOPROF ms/frame: other 1.54 68000 6.92 z80 0.00 ym2610 0.00 video 24.36 mixer 0.30 blit 0.18 out 0.00
NEOPROF video ms/frame: palette 0.00 clear 0.00 sprites 0.00 fix 0.00 rest 24.36 copy 0.00 | KB/frame: clear w 0.0 sprites r 0.0 w<=0.0 strips 0 fix r 0.0 w<=0.0 tiles 0 copy w 0.0
NEOPROF core1 ms/frame: sprites 0.00 convert+display 0.00 ym2610 0.00 display 7.54 dmawait 1.61 sends 33 | busy core0 99% (without blit/wait) core1 56% (idle-measured) | sprites deferred 0 on core1 0 fallback 0
NEOPROF core0 waits ms/frame: ym2610 0.00 present 0.00
NEOPROF card reads/frame: sprites 0.00 (0.00 ms) samples 0.00 (0.00 ms) | ms per read: sprites 0.0 (seek 0.0) samples 0.0 (seek 0.0)
NEOPROF ms/frame: other 1.57 68000 7.03 z80 0.00 ym2610 0.00 video 23.98 mixer 0.29 blit 0.17 out 0.00
NEOPROF video ms/frame: palette 0.00 clear 0.00 sprites 0.00 fix 0.00 rest 23.98 copy 0.00 | KB/frame: clear w 0.0 sprites r 0.0 w<=0.0 strips 0 fix r 0.0 w<=0.0 tiles 0 copy w 0.0
NEOPROF core1 ms/frame: sprites 0.00 convert+display 0.00 ym2610 0.00 display 6.86 dmawait 1.38 sends 28 | busy core0 99% (without blit/wait) core1 55% (idle-measured) | sprites deferred 0 on core1 0 fallback 0
NEOPROF core0 waits ms/frame: ym2610 0.00 present 0.00
NEOPROF card reads/frame: sprites 0.00 (0.00 ms) samples 0.00 (0.00 ms) | ms per read: sprites 0.0 (seek 0.0) samples 0.0 (seek 0.0)
MAMEBENCH frames 2100 hash c57729da
NEOPROF ms/frame: other 1.46 68000 6.62 z80 0.00 ym2610 0.00 video 22.88 mixer 0.28 blit 0.20 out 0.00
NEOPROF video ms/frame: palette 0.00 clear 0.00 sprites 0.00 fix 0.00 rest 22.88 copy 0.00 | KB/frame: clear w 0.0 sprites r 0.0 w<=0.0 strips 0 fix r 0.0 w<=0.0 tiles 0 copy w 0.0
NEOPROF core1 ms/frame: sprites 0.00 convert+display 0.00 ym2610 0.00 display 4.13 dmawait 0.59 sends 9 | busy core0 99% (without blit/wait) core1 49% (idle-measured) | sprites deferred 0 on core1 0 fallback 0
NEOPROF core0 waits ms/frame: ym2610 0.00 present 0.00
NEOPROF card reads/frame: sprites 0.00 (0.00 ms) samples 0.00 (0.00 ms) | ms per read: sprites 0.0 (seek 0.0) samples 0.0 (seek 0.0)
NEOPROF ms/frame: other 1.42 68000 6.39 z80 0.00 ym2610 0.00 video 22.69 mixer 0.28 blit 0.17 out 0.00
NEOPROF video ms/frame: palette 0.00 clear 0.00 sprites 0.00 fix 0.00 rest 22.69 copy 0.00 | KB/frame: clear w 0.0 sprites r 0.0 w<=0.0 strips 0 fix r 0.0 w<=0.0 tiles 0 copy w 0.0
NEOPROF core1 ms/frame: sprites 0.00 convert+display 0.00 ym2610 0.00 display 3.24 dmawait 0.32 sends 3 | busy core0 99% (without blit/wait) core1 45% (idle-measured) | sprites deferred 0 on core1 0 fallback 0
NEOPROF core0 waits ms/frame: ym2610 0.00 present 0.00
NEOPROF card reads/frame: sprites 0.00 (0.00 ms) samples 0.00 (0.00 ms) | ms per read: sprites 0.0 (seek 0.0) samples 0.0 (seek 0.0)
NEOPROF ms/frame: other 1.54 68000 6.85 z80 0.00 ym2610 0.00 video 20.99 mixer 0.33 blit 0.17 out 0.00
NEOPROF video ms/frame: palette 0.00 clear 0.00 sprites 0.00 fix 0.00 rest 20.99 copy 0.00 | KB/frame: clear w 0.0 sprites r 0.0 w<=0.0 strips 0 fix r 0.0 w<=0.0 tiles 0 copy w 0.0
NEOPROF core1 ms/frame: sprites 0.00 convert+display 0.00 ym2610 0.00 display 7.82 dmawait 1.73 sends 35 | busy core0 99% (without blit/wait) core1 46% (idle-measured) | sprites deferred 0 on core1 0 fallback 0
NEOPROF core0 waits ms/frame: ym2610 0.00 present 0.00
NEOPROF card reads/frame: sprites 0.00 (0.00 ms) samples 0.00 (0.00 ms) | ms per read: sprites 0.0 (seek 0.0) samples 0.0 (seek 0.0)
NEOPROF ms/frame: other 1.60 68000 7.33 z80 0.00 ym2610 0.00 video 21.36 mixer 0.34 blit 0.17 out 0.00
NEOPROF video ms/frame: palette 0.00 clear 0.00 sprites 0.00 fix 0.00 rest 21.36 copy 0.00 | KB/frame: clear w 0.0 sprites r 0.0 w<=0.0 strips 0 fix r 0.0 w<=0.0 tiles 0 copy w 0.0
NEOPROF core1 ms/frame: sprites 0.00 convert+display 0.00 ym2610 0.00 display 10.75 dmawait 2.64 sends 54 | busy core0 99% (without blit/wait) core1 57% (idle-measured) | sprites deferred 0 on core1 0 fallback 0
NEOPROF core0 waits ms/frame: ym2610 0.00 present 0.00
NEOPROF card reads/frame: sprites 0.00 (0.00 ms) samples 0.00 (0.00 ms) | ms per read: sprites 0.0 (seek 0.0) samples 0.0 (seek 0.0)
NEOPROF ms/frame: other 1.58 68000 6.19 z80 0.00 ym2610 0.00 video 19.82 mixer 0.33 blit 0.17 out 0.00
NEOPROF video ms/frame: palette 0.00 clear 0.00 sprites 0.00 fix 0.00 rest 19.82 copy 0.00 | KB/frame: clear w 0.0 sprites r 0.0 w<=0.0 strips 0 fix r 0.0 w<=0.0 tiles 0 copy w 0.0
NEOPROF core1 ms/frame: sprites 0.00 convert+display 0.00 ym2610 0.00 display 10.09 dmawait 2.40 sends 49 | busy core0 99% (without blit/wait) core1 65% (idle-measured) | sprites deferred 0 on core1 0 fallback 0
NEOPROF core0 waits ms/frame: ym2610 0.00 present 0.00
NEOPROF card reads/frame: sprites 0.00 (0.00 ms) samples 0.00 (0.00 ms) | ms per read: sprites 0.0 (seek 0.0) samples 0.0 (seek 0.0)
MAMEBENCH frames 2400 hash afcdb018
NEOPROF ms/frame: other 1.56 68000 4.74 z80 0.00 ym2610 0.00 video 19.02 mixer 0.33 blit 0.20 out 0.00
NEOPROF video ms/frame: palette 0.00 clear 0.00 sprites 0.00 fix 0.00 rest 19.02 copy 0.00 | KB/frame: clear w 0.0 sprites r 0.0 w<=0.0 strips 0 fix r 0.0 w<=0.0 tiles 0 copy w 0.0
NEOPROF core1 ms/frame: sprites 0.00 convert+display 0.00 ym2610 0.00 display 9.83 dmawait 2.24 sends 47 | busy core0 99% (without blit/wait) core1 70% (idle-measured) | sprites deferred 0 on core1 0 fallback 0
NEOPROF core0 waits ms/frame: ym2610 0.00 present 0.00
NEOPROF card reads/frame: sprites 0.00 (0.00 ms) samples 0.00 (0.00 ms) | ms per read: sprites 0.0 (seek 0.0) samples 0.0 (seek 0.0)
NEOPROF ms/frame: other 1.53 68000 4.99 z80 0.00 ym2610 0.00 video 19.25 mixer 0.32 blit 0.17 out 0.00
NEOPROF video ms/frame: palette 0.00 clear 0.00 sprites 0.00 fix 0.00 rest 19.25 copy 0.00 | KB/frame: clear w 0.0 sprites r 0.0 w<=0.0 strips 0 fix r 0.0 w<=0.0 tiles 0 copy w 0.0
NEOPROF core1 ms/frame: sprites 0.00 convert+display 0.00 ym2610 0.00 display 8.32 dmawait 1.86 sends 39 | busy core0 99% (without blit/wait) core1 64% (idle-measured) | sprites deferred 0 on core1 0 fallback 0
NEOPROF core0 waits ms/frame: ym2610 0.00 present 0.00
NEOPROF card reads/frame: sprites 0.00 (0.00 ms) samples 0.00 (0.00 ms) | ms per read: sprites 0.0 (seek 0.0) samples 0.0 (seek 0.0)
NEOPROF ms/frame: other 1.55 68000 5.20 z80 0.00 ym2610 0.00 video 20.19 mixer 0.33 blit 0.17 out 0.00
NEOPROF video ms/frame: palette 0.00 clear 0.00 sprites 0.00 fix 0.00 rest 20.19 copy 0.00 | KB/frame: clear w 0.0 sprites r 0.0 w<=0.0 strips 0 fix r 0.0 w<=0.0 tiles 0 copy w 0.0
NEOPROF core1 ms/frame: sprites 0.00 convert+display 0.00 ym2610 0.00 display 14.05 dmawait 3.48 sends 76 | busy core0 99% (without blit/wait) core1 78% (idle-measured) | sprites deferred 0 on core1 0 fallback 0
NEOPROF core0 waits ms/frame: ym2610 0.00 present 0.00
NEOPROF card reads/frame: sprites 0.00 (0.00 ms) samples 0.00 (0.00 ms) | ms per read: sprites 0.0 (seek 0.0) samples 0.0 (seek 0.0)
NEOPROF ms/frame: other 1.56 68000 5.85 z80 0.00 ym2610 0.00 video 20.58 mixer 0.34 blit 0.17 out 0.00
NEOPROF video ms/frame: palette 0.00 clear 0.00 sprites 0.00 fix 0.00 rest 20.58 copy 0.00 | KB/frame: clear w 0.0 sprites r 0.0 w<=0.0 strips 0 fix r 0.0 w<=0.0 tiles 0 copy w 0.0
NEOPROF core1 ms/frame: sprites 0.00 convert+display 0.00 ym2610 0.00 display 13.90 dmawait 3.47 sends 75 | busy core0 99% (without blit/wait) core1 75% (idle-measured) | sprites deferred 0 on core1 0 fallback 0
NEOPROF core0 waits ms/frame: ym2610 0.00 present 0.00
NEOPROF card reads/frame: sprites 0.00 (0.00 ms) samples 0.00 (0.00 ms) | ms per read: sprites 0.0 (seek 0.0) samples 0.0 (seek 0.0)
NEOPROF ms/frame: other 1.56 68000 6.01 z80 0.00 ym2610 0.00 video 21.32 mixer 0.33 blit 0.18 out 0.00
NEOPROF video ms/frame: palette 0.00 clear 0.00 sprites 0.00 fix 0.00 rest 21.32 copy 0.00 | KB/frame: clear w 0.0 sprites r 0.0 w<=0.0 strips 0 fix r 0.0 w<=0.0 tiles 0 copy w 0.0
NEOPROF core1 ms/frame: sprites 0.00 convert+display 0.00 ym2610 0.00 display 11.23 dmawait 2.75 sends 57 | busy core0 99% (without blit/wait) core1 65% (idle-measured) | sprites deferred 0 on core1 0 fallback 0
NEOPROF core0 waits ms/frame: ym2610 0.00 present 0.00
NEOPROF card reads/frame: sprites 0.00 (0.00 ms) samples 0.00 (0.00 ms) | ms per read: sprites 0.0 (seek 0.0) samples 0.0 (seek 0.0)
MAMEBENCH frames 2700 hash e5128007
NEOPROF ms/frame: other 1.58 68000 6.87 z80 0.00 ym2610 0.00 video 22.72 mixer 0.34 blit 0.21 out 0.00
NEOPROF video ms/frame: palette 0.00 clear 0.00 sprites 0.00 fix 0.00 rest 22.72 copy 0.00 | KB/frame: clear w 0.0 sprites r 0.0 w<=0.0 strips 0 fix r 0.0 w<=0.0 tiles 0 copy w 0.0
NEOPROF core1 ms/frame: sprites 0.00 convert+display 0.00 ym2610 0.00 display 14.54 dmawait 3.71 sends 79 | busy core0 99% (without blit/wait) core1 72% (idle-measured) | sprites deferred 0 on core1 0 fallback 0
NEOPROF core0 waits ms/frame: ym2610 0.00 present 0.00
NEOPROF card reads/frame: sprites 0.00 (0.00 ms) samples 0.00 (0.00 ms) | ms per read: sprites 0.0 (seek 0.0) samples 0.0 (seek 0.0)
NEOPROF ms/frame: other 1.58 68000 7.30 z80 0.00 ym2610 0.00 video 22.79 mixer 0.34 blit 0.17 out 0.00
NEOPROF video ms/frame: palette 0.00 clear 0.00 sprites 0.00 fix 0.00 rest 22.79 copy 0.00 | KB/frame: clear w 0.0 sprites r 0.0 w<=0.0 strips 0 fix r 0.0 w<=0.0 tiles 0 copy w 0.0
NEOPROF core1 ms/frame: sprites 0.00 convert+display 0.00 ym2610 0.00 display 13.52 dmawait 3.38 sends 72 | busy core0 99% (without blit/wait) core1 69% (idle-measured) | sprites deferred 0 on core1 0 fallback 0
NEOPROF core0 waits ms/frame: ym2610 0.00 present 0.00
NEOPROF card reads/frame: sprites 0.00 (0.00 ms) samples 0.00 (0.00 ms) | ms per read: sprites 0.0 (seek 0.0) samples 0.0 (seek 0.0)
NEOPROF ms/frame: other 1.60 68000 7.31 z80 0.00 ym2610 0.00 video 22.18 mixer 0.32 blit 0.17 out 0.00
NEOPROF video ms/frame: palette 0.00 clear 0.00 sprites 0.00 fix 0.00 rest 22.18 copy 0.00 | KB/frame: clear w 0.0 sprites r 0.0 w<=0.0 strips 0 fix r 0.0 w<=0.0 tiles 0 copy w 0.0
NEOPROF core1 ms/frame: sprites 0.00 convert+display 0.00 ym2610 0.00 display 9.93 dmawait 2.21 sends 47 | busy core0 99% (without blit/wait) core1 61% (idle-measured) | sprites deferred 0 on core1 0 fallback 0
NEOPROF core0 waits ms/frame: ym2610 0.00 present 0.00
NEOPROF card reads/frame: sprites 0.00 (0.00 ms) samples 0.00 (0.00 ms) | ms per read: sprites 0.0 (seek 0.0) samples 0.0 (seek 0.0)
NEOPROF ms/frame: other 1.57 68000 7.10 z80 0.00 ym2610 0.00 video 22.77 mixer 0.32 blit 0.17 out 0.00
NEOPROF video ms/frame: palette 0.00 clear 0.00 sprites 0.00 fix 0.00 rest 22.77 copy 0.00 | KB/frame: clear w 0.0 sprites r 0.0 w<=0.0 strips 0 fix r 0.0 w<=0.0 tiles 0 copy w 0.0
NEOPROF core1 ms/frame: sprites 0.00 convert+display 0.00 ym2610 0.00 display 8.92 dmawait 1.93 sends 42 | busy core0 99% (without blit/wait) core1 59% (idle-measured) | sprites deferred 0 on core1 0 fallback 0
NEOPROF core0 waits ms/frame: ym2610 0.00 present 0.00
NEOPROF card reads/frame: sprites 0.00 (0.00 ms) samples 0.00 (0.00 ms) | ms per read: sprites 0.0 (seek 0.0) samples 0.0 (seek 0.0)
NEOPROF ms/frame: other 1.59 68000 7.30 z80 0.00 ym2610 0.00 video 24.10 mixer 0.34 blit 0.17 out 0.00
NEOPROF video ms/frame: palette 0.00 clear 0.00 sprites 0.00 fix 0.00 rest 24.10 copy 0.00 | KB/frame: clear w 0.0 sprites r 0.0 w<=0.0 strips 0 fix r 0.0 w<=0.0 tiles 0 copy w 0.0
NEOPROF core1 ms/frame: sprites 0.00 convert+display 0.00 ym2610 0.00 display 13.31 dmawait 3.31 sends 72 | busy core0 99% (without blit/wait) core1 67% (idle-measured) | sprites deferred 0 on core1 0 fallback 0
NEOPROF core0 waits ms/frame: ym2610 0.00 present 0.00
NEOPROF card reads/frame: sprites 0.00 (0.00 ms) samples 0.00 (0.00 ms) | ms per read: sprites 0.0 (seek 0.0) samples 0.0 (seek 0.0)
MAMEBENCH frames 3000 hash d80476a0
NEOPROF ms/frame: other 1.56 68000 6.99 z80 0.00 ym2610 0.00 video 23.52 mixer 0.34 blit 0.21 out 0.00
NEOPROF video ms/frame: palette 0.00 clear 0.00 sprites 0.00 fix 0.00 rest 23.52 copy 0.00 | KB/frame: clear w 0.0 sprites r 0.0 w<=0.0 strips 0 fix r 0.0 w<=0.0 tiles 0 copy w 0.0
NEOPROF core1 ms/frame: sprites 0.00 convert+display 0.00 ym2610 0.00 display 14.22 dmawait 3.64 sends 77 | busy core0 99% (without blit/wait) core1 70% (idle-measured) | sprites deferred 0 on core1 0 fallback 0
NEOPROF core0 waits ms/frame: ym2610 0.00 present 0.00
NEOPROF card reads/frame: sprites 0.00 (0.00 ms) samples 0.00 (0.00 ms) | ms per read: sprites 0.0 (seek 0.0) samples 0.0 (seek 0.0)
NEOPROF ms/frame: other 1.56 68000 6.97 z80 0.00 ym2610 0.00 video 21.48 mixer 0.34 blit 0.17 out 0.00
NEOPROF video ms/frame: palette 0.00 clear 0.00 sprites 0.00 fix 0.00 rest 21.48 copy 0.00 | KB/frame: clear w 0.0 sprites r 0.0 w<=0.0 strips 0 fix r 0.0 w<=0.0 tiles 0 copy w 0.0
NEOPROF core1 ms/frame: sprites 0.00 convert+display 0.00 ym2610 0.00 display 14.11 dmawait 3.59 sends 76 | busy core0 99% (without blit/wait) core1 74% (idle-measured) | sprites deferred 0 on core1 0 fallback 0
NEOPROF core0 waits ms/frame: ym2610 0.00 present 0.00
NEOPROF card reads/frame: sprites 0.00 (0.00 ms) samples 0.00 (0.00 ms) | ms per read: sprites 0.0 (seek 0.0) samples 0.0 (seek 0.0)
NEOPROF ms/frame: other 1.59 68000 7.13 z80 0.00 ym2610 0.00 video 21.50 mixer 0.33 blit 0.17 out 0.00
NEOPROF video ms/frame: palette 0.00 clear 0.00 sprites 0.00 fix 0.00 rest 21.50 copy 0.00 | KB/frame: clear w 0.0 sprites r 0.0 w<=0.0 strips 0 fix r 0.0 w<=0.0 tiles 0 copy w 0.0
NEOPROF core1 ms/frame: sprites 0.00 convert+display 0.00 ym2610 0.00 display 12.36 dmawait 2.97 sends 64 | busy core0 99% (without blit/wait) core1 73% (idle-measured) | sprites deferred 0 on core1 0 fallback 0
NEOPROF core0 waits ms/frame: ym2610 0.00 present 0.00
NEOPROF card reads/frame: sprites 0.00 (0.00 ms) samples 0.00 (0.00 ms) | ms per read: sprites 0.0 (seek 0.0) samples 0.0 (seek 0.0)
NEOPROF ms/frame: other 1.61 68000 7.44 z80 0.00 ym2610 0.00 video 21.38 mixer 0.34 blit 0.17 out 0.00
NEOPROF video ms/frame: palette 0.00 clear 0.00 sprites 0.00 fix 0.00 rest 21.38 copy 0.00 | KB/frame: clear w 0.0 sprites r 0.0 w<=0.0 strips 0 fix r 0.0 w<=0.0 tiles 0 copy w 0.0
NEOPROF core1 ms/frame: sprites 0.00 convert+display 0.00 ym2610 0.00 display 10.81 dmawait 2.57 sends 54 | busy core0 99% (without blit/wait) core1 70% (idle-measured) | sprites deferred 0 on core1 0 fallback 0
NEOPROF core0 waits ms/frame: ym2610 0.00 present 0.00
NEOPROF card reads/frame: sprites 0.00 (0.00 ms) samples 0.00 (0.00 ms) | ms per read: sprites 0.0 (seek 0.0) samples 0.0 (seek 0.0)
NEOPROF ms/frame: other 1.59 68000 7.97 z80 0.00 ym2610 0.00 video 21.64 mixer 0.33 blit 0.17 out 0.00
NEOPROF video ms/frame: palette 0.00 clear 0.00 sprites 0.00 fix 0.00 rest 21.64 copy 0.00 | KB/frame: clear w 0.0 sprites r 0.0 w<=0.0 strips 0 fix r 0.0 w<=0.0 tiles 0 copy w 0.0
NEOPROF core1 ms/frame: sprites 0.00 convert+display 0.00 ym2610 0.00 display 9.76 dmawait 2.24 sends 47 | busy core0 99% (without blit/wait) core1 65% (idle-measured) | sprites deferred 0 on core1 0 fallback 0
NEOPROF core0 waits ms/frame: ym2610 0.00 present 0.00
NEOPROF card reads/frame: sprites 0.00 (0.00 ms) samples 0.00 (0.00 ms) | ms per read: sprites 0.0 (seek 0.0) samples 0.0 (seek 0.0)
MAMEBENCH frames 3300 hash f26cba72
NEOPROF ms/frame: other 1.60 68000 7.65 z80 0.00 ym2610 0.00 video 21.55 mixer 0.32 blit 0.20 out 0.00
NEOPROF video ms/frame: palette 0.00 clear 0.00 sprites 0.00 fix 0.00 rest 21.55 copy 0.00 | KB/frame: clear w 0.0 sprites r 0.0 w<=0.0 strips 0 fix r 0.0 w<=0.0 tiles 0 copy w 0.0
NEOPROF core1 ms/frame: sprites 0.00 convert+display 0.00 ym2610 0.00 display 9.00 dmawait 1.97 sends 41 | busy core0 99% (without blit/wait) core1 64% (idle-measured) | sprites deferred 0 on core1 0 fallback 0
NEOPROF core0 waits ms/frame: ym2610 0.00 present 0.00
NEOPROF card reads/frame: sprites 0.00 (0.00 ms) samples 0.00 (0.00 ms) | ms per read: sprites 0.0 (seek 0.0) samples 0.0 (seek 0.0)
NEOPROF ms/frame: other 1.55 68000 7.40 z80 0.00 ym2610 0.00 video 21.43 mixer 0.29 blit 0.17 out 0.00
NEOPROF video ms/frame: palette 0.00 clear 0.00 sprites 0.00 fix 0.00 rest 21.43 copy 0.00 | KB/frame: clear w 0.0 sprites r 0.0 w<=0.0 strips 0 fix r 0.0 w<=0.0 tiles 0 copy w 0.0
NEOPROF core1 ms/frame: sprites 0.00 convert+display 0.00 ym2610 0.00 display 7.44 dmawait 1.43 sends 31 | busy core0 99% (without blit/wait) core1 62% (idle-measured) | sprites deferred 0 on core1 0 fallback 0
NEOPROF core0 waits ms/frame: ym2610 0.00 present 0.00
NEOPROF card reads/frame: sprites 0.00 (0.00 ms) samples 0.00 (0.00 ms) | ms per read: sprites 0.0 (seek 0.0) samples 0.0 (seek 0.0)
NEOPROF ms/frame: other 1.57 68000 7.39 z80 0.00 ym2610 0.00 video 21.27 mixer 0.29 blit 0.17 out 0.00
NEOPROF video ms/frame: palette 0.00 clear 0.00 sprites 0.00 fix 0.00 rest 21.27 copy 0.00 | KB/frame: clear w 0.0 sprites r 0.0 w<=0.0 strips 0 fix r 0.0 w<=0.0 tiles 0 copy w 0.0
NEOPROF core1 ms/frame: sprites 0.00 convert+display 0.00 ym2610 0.00 display 7.91 dmawait 1.67 sends 35 | busy core0 99% (without blit/wait) core1 63% (idle-measured) | sprites deferred 0 on core1 0 fallback 0
NEOPROF core0 waits ms/frame: ym2610 0.00 present 0.00
NEOPROF card reads/frame: sprites 0.00 (0.00 ms) samples 0.00 (0.00 ms) | ms per read: sprites 0.0 (seek 0.0) samples 0.0 (seek 0.0)
NEOPROF ms/frame: other 1.58 68000 7.62 z80 0.00 ym2610 0.00 video 21.81 mixer 0.31 blit 0.17 out 0.00
NEOPROF video ms/frame: palette 0.00 clear 0.00 sprites 0.00 fix 0.00 rest 21.81 copy 0.00 | KB/frame: clear w 0.0 sprites r 0.0 w<=0.0 strips 0 fix r 0.0 w<=0.0 tiles 0 copy w 0.0
NEOPROF core1 ms/frame: sprites 0.00 convert+display 0.00 ym2610 0.00 display 9.22 dmawait 2.07 sends 44 | busy core0 99% (without blit/wait) core1 64% (idle-measured) | sprites deferred 0 on core1 0 fallback 0
NEOPROF core0 waits ms/frame: ym2610 0.00 present 0.00
NEOPROF card reads/frame: sprites 0.00 (0.00 ms) samples 0.00 (0.00 ms) | ms per read: sprites 0.0 (seek 0.0) samples 0.0 (seek 0.0)
NEOPROF ms/frame: other 1.60 68000 8.38 z80 0.00 ym2610 0.00 video 22.12 mixer 0.31 blit 0.17 out 0.00
NEOPROF video ms/frame: palette 0.00 clear 0.00 sprites 0.00 fix 0.00 rest 22.12 copy 0.00 | KB/frame: clear w 0.0 sprites r 0.0 w<=0.0 strips 0 fix r 0.0 w<=0.0 tiles 0 copy w 0.0
NEOPROF core1 ms/frame: sprites 0.00 convert+display 0.00 ym2610 0.00 display 9.87 dmawait 2.23 sends 47 | busy core0 99% (without blit/wait) core1 63% (idle-measured) | sprites deferred 0 on core1 0 fallback 0
NEOPROF core0 waits ms/frame: ym2610 0.00 present 0.00
NEOPROF card reads/frame: sprites 0.00 (0.00 ms) samples 0.00 (0.00 ms) | ms per read: sprites 0.0 (seek 0.0) samples 0.0 (seek 0.0)
MAMEBENCH frames 3600 hash 31f23807
NEOPROF ms/frame: other 1.60 68000 7.69 z80 0.00 ym2610 0.00 video 21.97 mixer 0.31 blit 0.20 out 0.00
NEOPROF video ms/frame: palette 0.00 clear 0.00 sprites 0.00 fix 0.00 rest 21.97 copy 0.00 | KB/frame: clear w 0.0 sprites r 0.0 w<=0.0 strips 0 fix r 0.0 w<=0.0 tiles 0 copy w 0.0
NEOPROF core1 ms/frame: sprites 0.00 convert+display 0.00 ym2610 0.00 display 9.25 dmawait 2.09 sends 45 | busy core0 99% (without blit/wait) core1 62% (idle-measured) | sprites deferred 0 on core1 0 fallback 0
NEOPROF core0 waits ms/frame: ym2610 0.00 present 0.00
NEOPROF card reads/frame: sprites 0.00 (0.00 ms) samples 0.00 (0.00 ms) | ms per read: sprites 0.0 (seek 0.0) samples 0.0 (seek 0.0)
NEOPROF ms/frame: other 1.57 68000 7.64 z80 0.00 ym2610 0.00 video 21.72 mixer 0.29 blit 0.17 out 0.00
NEOPROF video ms/frame: palette 0.00 clear 0.00 sprites 0.00 fix 0.00 rest 21.72 copy 0.00 | KB/frame: clear w 0.0 sprites r 0.0 w<=0.0 strips 0 fix r 0.0 w<=0.0 tiles 0 copy w 0.0
NEOPROF core1 ms/frame: sprites 0.00 convert+display 0.00 ym2610 0.00 display 6.98 dmawait 1.23 sends 27 | busy core0 99% (without blit/wait) core1 56% (idle-measured) | sprites deferred 0 on core1 0 fallback 0
NEOPROF core0 waits ms/frame: ym2610 0.00 present 0.00
NEOPROF card reads/frame: sprites 0.00 (0.00 ms) samples 0.00 (0.00 ms) | ms per read: sprites 0.0 (seek 0.0) samples 0.0 (seek 0.0)
NEOPROF ms/frame: other 1.48 68000 7.40 z80 0.00 ym2610 0.00 video 21.40 mixer 0.28 blit 0.17 out 0.00
NEOPROF video ms/frame: palette 0.00 clear 0.00 sprites 0.00 fix 0.00 rest 21.40 copy 0.00 | KB/frame: clear w 0.0 sprites r 0.0 w<=0.0 strips 0 fix r 0.0 w<=0.0 tiles 0 copy w 0.0
NEOPROF core1 ms/frame: sprites 0.00 convert+display 0.00 ym2610 0.00 display 5.16 dmawait 0.85 sends 16 | busy core0 99% (without blit/wait) core1 52% (idle-measured) | sprites deferred 0 on core1 0 fallback 0
NEOPROF core0 waits ms/frame: ym2610 0.00 present 0.00
NEOPROF card reads/frame: sprites 0.00 (0.00 ms) samples 0.00 (0.00 ms) | ms per read: sprites 0.0 (seek 0.0) samples 0.0 (seek 0.0)
MAMESAMPLE 4201a240 5228 11.39
MAMESAMPLE 4037da00 3518 7.66
MAMESAMPLE 4037d040 2850 6.21
MAMESAMPLE 4201a1c0 2572 5.60
MAMESAMPLE 4201a200 2542 5.54
MAMESAMPLE 420ad280 2220 4.84
MAMESAMPLE 420ad240 1521 3.31
MAMESAMPLE 420ad380 1504 3.28
MAMESAMPLE 420ad440 980 2.13
MAMESAMPLE 420ad340 947 2.06
MAMESAMPLE 4201e500 819 1.78
MAMESAMPLE 42019440 727 1.58
MAMESAMPLE 4201a180 655 1.43
MAMESAMPLE 4201db40 536 1.17
MAMESAMPLE 42019480 521 1.13
MAMESAMPLE 4201d280 397 0.86
MAMESAMPLE 4201d240 372 0.81
MAMESAMPLE 4201e780 366 0.80
MAMESAMPLE 4201be00 355 0.77
MAMESAMPLE 420194c0 333 0.73
MAMESAMPLE 4201e540 313 0.68
MAMESAMPLE 4201e100 310 0.68
MAMESAMPLE 42019500 299 0.65
MAMESAMPLE 4201d140 296 0.64
MAMESAMPLE 4037d1c0 284 0.62
MAMESAMPLE 42019740 279 0.61
MAMESAMPLE 4037d380 279 0.61
MAMESAMPLE 420197c0 277 0.60
MAMESAMPLE 4037d240 275 0.60
MAMESAMPLE 42019400 272 0.59
MAMESAMPLE 4037d0c0 262 0.57
MAMESAMPLE 42019800 250 0.54
MAMESAMPLE 4037d000 248 0.54
MAMESAMPLE 4207ba40 244 0.53
MAMESAMPLE 42058d00 227 0.49
MAMESAMPLE 42058d40 219 0.48
MAMESAMPLE 42075d40 211 0.46
MAMESAMPLE 42019780 209 0.46
MAMESAMPLE 420ad200 187 0.41
MAMESAMPLE 42033dc0 174 0.38
MAMESAMPLE 4037d340 166 0.36
MAMESAMPLE 42019700 163 0.36
MAMESAMPLE 4201d100 163 0.36
MAMESAMPLE 42057980 158 0.34
MAMESAMPLE 4201b040 153 0.33
MAMESAMPLE 4201c100 153 0.33
MAMESAMPLE 42055b40 152 0.33
MAMESAMPLE 4201dd40 149 0.32
MAMESAMPLE 4201c140 147 0.32
MAMESAMPLE 4201e0c0 141 0.31
MAMESAMPLE 4037d140 130 0.28
MAMESAMPLE 42075d00 129 0.28
MAMESAMPLE 420193c0 123 0.27
MAMESAMPLE 4201f540 119 0.26
MAMESAMPLE 4205b4c0 111 0.24
MAMESAMPLE 42027740 111 0.24
MAMESAMPLE 4201dd00 109 0.24
MAMESAMPLE 4207ba00 105 0.23
MAMESAMPLE 42058cc0 104 0.23
MAMESAMPLE 4037d100 98 0.21
MAMESAMPLE 420579c0 96 0.21
MAMESAMPLE 4037d180 95 0.21
MAMESAMPLE 42020500 94 0.20
MAMESAMPLE 4037d080 89 0.19
MAMESAMPLE 4201e480 88 0.19
MAMESAMPLE 4201d2c0 87 0.19
MAMESAMPLE 4037d200 87 0.19
MAMESAMPLE 42055680 82 0.18
MAMESAMPLE 4201c0c0 81 0.18
MAMESAMPLE 420556c0 80 0.17
MAMESAMPLE 4201c180 79 0.17
MAMESAMPLE 4201d200 78 0.17
MAMESAMPLE 42066200 78 0.17
MAMESAMPLE 4207b780 78 0.17
MAMESAMPLE 4200b980 77 0.17
MAMESAMPLE 4206f4c0 75 0.16
MAMESAMPLE 4207bcc0 75 0.16
MAMESAMPLE 42055700 71 0.15
MAMESAMPLE 42055b00 71 0.15
MAMESAMPLE 42028680 70 0.15
MAMESAMPLE 4205b500 65 0.14
MAMESAMPLE 4201e080 65 0.14
MAMESAMPLE 4201e580 65 0.14
MAMESAMPLE 4201a140 64 0.14
MAMESAMPLE 42028a40 64 0.14
MAMESAMPLE 4200b900 63 0.14
MAMESAMPLE 420196c0 63 0.14
MAMESAMPLE 420ad2c0 62 0.14
MAMESAMPLE 42026c80 60 0.13
MAMESAMPLE 4200b800 59 0.13
MAMESAMPLE 4200b840 59 0.13
MAMESAMPLE 42056140 59 0.13
MAMESAMPLE 4201dd80 59 0.13
MAMESAMPLE 42055b80 58 0.13
MAMESAMPLE 4200b940 54 0.12
MAMESAMPLE 42033d80 54 0.12
MAMESAMPLE 42075cc0 54 0.12
MAMESAMPLE 420562c0 53 0.12
MAMESAMPLE 42069380 53 0.12
MAMESAMPLE 4200b7c0 52 0.11
MAMESAMPLE total 45907
NEOPROF ms/frame: other 2.01 68000 7.56 z80 0.00 ym2610 0.00 video 21.62 mixer 0.29 blit 0.17 out 0.00
NEOPROF video ms/frame: palette 0.00 clear 0.00 sprites 0.00 fix 0.00 rest 21.62 copy 0.00 | KB/frame: clear w 0.0 sprites r 0.0 w<=0.0 strips 0 fix r 0.0 w<=0.0 tiles 0 copy w 0.0
NEOPROF core1 ms/frame: sprites 0.00 convert+display 0.00 ym2610 0.00 display 6.31 dmawait 1.10 sends 24 | busy core0 99% (without blit/wait) core1 55% (idle-measured) | sprites deferred 0 on core1 0 fallback 0
NEOPROF core0 waits ms/frame: ym2610 0.00 present 0.00
NEOPROF card reads/frame: sprites 0.00 (0.00 ms) samples 0.00 (0.00 ms) | ms per read: sprites 0.0 (seek 0.0) samples 0.0 (seek 0.0)
NEOPROF ms/frame: other 1.54 68000 7.90 z80 0.00 ym2610 0.00 video 21.62 mixer 0.29 blit 0.17 out 0.00
NEOPROF video ms/frame: palette 0.00 clear 0.00 sprites 0.00 fix 0.00 rest 21.62 copy 0.00 | KB/frame: clear w 0.0 sprites r 0.0 w<=0.0 strips 0 fix r 0.0 w<=0.0 tiles 0 copy w 0.0
NEOPROF core1 ms/frame: sprites 0.00 convert+display 0.00 ym2610 0.00 display 6.88 dmawait 1.32 sends 27 | busy core0 99% (without blit/wait) core1 56% (idle-measured) | sprites deferred 0 on core1 0 fallback 0
NEOPROF core0 waits ms/frame: ym2610 0.00 present 0.00
NEOPROF card reads/frame: sprites 0.00 (0.00 ms) samples 0.00 (0.00 ms) | ms per read: sprites 0.0 (seek 0.0) samples 0.0 (seek 0.0)
MAMEBENCH frames 3900 hash 769c98bd
NEOPROF ms/frame: other 1.54 68000 7.54 z80 0.00 ym2610 0.00 video 21.61 mixer 0.29 blit 0.20 out 0.00
NEOPROF video ms/frame: palette 0.00 clear 0.00 sprites 0.00 fix 0.00 rest 21.61 copy 0.00 | KB/frame: clear w 0.0 sprites r 0.0 w<=0.0 strips 0 fix r 0.0 w<=0.0 tiles 0 copy w 0.0
NEOPROF core1 ms/frame: sprites 0.00 convert+display 0.00 ym2610 0.00 display 7.15 dmawait 1.44 sends 29 | busy core0 99% (without blit/wait) core1 57% (idle-measured) | sprites deferred 0 on core1 0 fallback 0
NEOPROF core0 waits ms/frame: ym2610 0.00 present 0.00
NEOPROF card reads/frame: sprites 0.00 (0.00 ms) samples 0.00 (0.00 ms) | ms per read: sprites 0.0 (seek 0.0) samples 0.0 (seek 0.0)
NEOPROF ms/frame: other 1.45 68000 7.13 z80 0.00 ym2610 0.00 video 21.73 mixer 0.28 blit 0.17 out 0.00
NEOPROF video ms/frame: palette 0.00 clear 0.00 sprites 0.00 fix 0.00 rest 21.73 copy 0.00 | KB/frame: clear w 0.0 sprites r 0.0 w<=0.0 strips 0 fix r 0.0 w<=0.0 tiles 0 copy w 0.0
NEOPROF core1 ms/frame: sprites 0.00 convert+display 0.00 ym2610 0.00 display 4.12 dmawait 0.55 sends 9 | busy core0 99% (without blit/wait) core1 51% (idle-measured) | sprites deferred 0 on core1 0 fallback 0
NEOPROF core0 waits ms/frame: ym2610 0.00 present 0.00
NEOPROF card reads/frame: sprites 0.00 (0.00 ms) samples 0.00 (0.00 ms) | ms per read: sprites 0.0 (seek 0.0) samples 0.0 (seek 0.0)
NEOPROF ms/frame: other 1.58 68000 8.08 z80 0.00 ym2610 0.00 video 22.35 mixer 0.30 blit 0.18 out 0.00
NEOPROF video ms/frame: palette 0.00 clear 0.00 sprites 0.00 fix 0.00 rest 22.35 copy 0.00 | KB/frame: clear w 0.0 sprites r 0.0 w<=0.0 strips 0 fix r 0.0 w<=0.0 tiles 0 copy w 0.0
NEOPROF core1 ms/frame: sprites 0.00 convert+display 0.00 ym2610 0.00 display 9.30 dmawait 2.13 sends 45 | busy core0 99% (without blit/wait) core1 62% (idle-measured) | sprites deferred 0 on core1 0 fallback 0
NEOPROF core0 waits ms/frame: ym2610 0.00 present 0.00
NEOPROF card reads/frame: sprites 0.00 (0.00 ms) samples 0.00 (0.00 ms) | ms per read: sprites 0.0 (seek 0.0) samples 0.0 (seek 0.0)
NEOPROF ms/frame: other 1.61 68000 8.50 z80 0.00 ym2610 0.00 video 24.46 mixer 0.34 blit 0.18 out 0.00
NEOPROF video ms/frame: palette 0.00 clear 0.00 sprites 0.00 fix 0.00 rest 24.46 copy 0.00 | KB/frame: clear w 0.0 sprites r 0.0 w<=0.0 strips 0 fix r 0.0 w<=0.0 tiles 0 copy w 0.0
NEOPROF core1 ms/frame: sprites 0.00 convert+display 0.00 ym2610 0.00 display 13.13 dmawait 3.31 sends 70 | busy core0 99% (without blit/wait) core1 66% (idle-measured) | sprites deferred 0 on core1 0 fallback 0
NEOPROF core0 waits ms/frame: ym2610 0.00 present 0.00
NEOPROF card reads/frame: sprites 0.00 (0.00 ms) samples 0.00 (0.00 ms) | ms per read: sprites 0.0 (seek 0.0) samples 0.0 (seek 0.0)
NEOPROF ms/frame: other 1.61 68000 7.56 z80 0.00 ym2610 0.00 video 22.07 mixer 0.34 blit 0.18 out 0.00
NEOPROF video ms/frame: palette 0.00 clear 0.00 sprites 0.00 fix 0.00 rest 22.07 copy 0.00 | KB/frame: clear w 0.0 sprites r 0.0 w<=0.0 strips 0 fix r 0.0 w<=0.0 tiles 0 copy w 0.0
NEOPROF core1 ms/frame: sprites 0.00 convert+display 0.00 ym2610 0.00 display 11.52 dmawait 2.74 sends 59 | busy core0 99% (without blit/wait) core1 70% (idle-measured) | sprites deferred 0 on core1 0 fallback 0
NEOPROF core0 waits ms/frame: ym2610 0.00 present 0.00
NEOPROF card reads/frame: sprites 0.00 (0.00 ms) samples 0.00 (0.00 ms) | ms per read: sprites 0.0 (seek 0.0) samples 0.0 (seek 0.0)
MAMEBENCH frames 4200 hash 4d042042
NEOPROF ms/frame: other 1.60 68000 7.80 z80 0.00 ym2610 0.00 video 22.35 mixer 0.33 blit 0.21 out 0.00
NEOPROF video ms/frame: palette 0.00 clear 0.00 sprites 0.00 fix 0.00 rest 22.35 copy 0.00 | KB/frame: clear w 0.0 sprites r 0.0 w<=0.0 strips 0 fix r 0.0 w<=0.0 tiles 0 copy w 0.0
NEOPROF core1 ms/frame: sprites 0.00 convert+display 0.00 ym2610 0.00 display 11.68 dmawait 2.81 sends 60 | busy core0 99% (without blit/wait) core1 69% (idle-measured) | sprites deferred 0 on core1 0 fallback 0
NEOPROF core0 waits ms/frame: ym2610 0.00 present 0.00
NEOPROF card reads/frame: sprites 0.00 (0.00 ms) samples 0.00 (0.00 ms) | ms per read: sprites 0.0 (seek 0.0) samples 0.0 (seek 0.0)
NEOPROF ms/frame: other 1.60 68000 8.06 z80 0.00 ym2610 0.00 video 22.10 mixer 0.33 blit 0.18 out 0.00
NEOPROF video ms/frame: palette 0.00 clear 0.00 sprites 0.00 fix 0.00 rest 22.10 copy 0.00 | KB/frame: clear w 0.0 sprites r 0.0 w<=0.0 strips 0 fix r 0.0 w<=0.0 tiles 0 copy w 0.0
NEOPROF core1 ms/frame: sprites 0.00 convert+display 0.00 ym2610 0.00 display 11.74 dmawait 2.85 sends 60 | busy core0 99% (without blit/wait) core1 69% (idle-measured) | sprites deferred 0 on core1 0 fallback 0
NEOPROF core0 waits ms/frame: ym2610 0.00 present 0.00
NEOPROF card reads/frame: sprites 0.00 (0.00 ms) samples 0.00 (0.00 ms) | ms per read: sprites 0.0 (seek 0.0) samples 0.0 (seek 0.0)
